[31m[m┳ [m[36mRelease[m
[31m┃ [mLong Description[m
[31m[m• [m[36mDevel[m
[31m┃ [mLong Description[m
[31m[m• [m[36mDevel[m
[31m┃ [mVery Long Description[m
[31m┃ [mVery Long Description[m
[31m┃ [mVery Long Description[m
[31m┃ [mVery Long Description[m
[31m[m• [m[36mDevel[m
[31m┃ [mLong Description[m
[31m[m┻ [m[36mBase[m
[31m  [mLong Description[m
