[31m[m┳[31m [0m [0m [0m [0m [0m [0m [0m [0m [m[m(1) [31mRelease[m
[31m┣[31m«[32m[m•[32m [0m [0m [0m [0m [0m [0m [m[m(2) [34mDevel[m
[31m┃[31m [32m┣[32m«[33m[m•[33m [0m [0m [0m [0m [m[m(3) [34mDevel[m
[31m┃[31m [32m┗[32m«[33m┻[33m«[34m[m•[34m [0m [0m [m[m(4) [34mDevel[m
[31m┗[31m«[31m«[31m«[31m«[31m«[34m┻[34m«[35m[m┻[35m [m[m(5) [33mBase[m
